app/subjects/business-class/page.tsx(3,29): error TS1261: Already included file name 'C:/Users/Kashif/Desktop/hammad/AllExamHelp/container/all-subject/business/hero_section/page.tsx' differs from file name 'C:/Users/Kashif/Desktop/hammad/AllExamHelp/container/all-subject/Business/hero_section/page.tsx' only in casing.
  The file is in the program because:
    Imported via '@/container/all-subject/business/hero_section/page' from file 'C:/Users/Kashif/Desktop/hammad/AllExamHelp/app/subjects/business-class/page.tsx'
    Matched by include pattern '**/*.tsx' in 'C:/Users/Kashif/Desktop/hammad/AllExamHelp/tsconfig.json'
app/subjects/business-class/page.tsx(5,22): error TS1261: Already included file name 'C:/Users/Kashif/Desktop/hammad/AllExamHelp/container/all-subject/business/feature_section/feature_section.tsx' differs from file name 'C:/Users/Kashif/Desktop/hammad/AllExamHelp/container/all-subject/Business/feature_section/feature_section.tsx' only in casing.
  The file is in the program because:
    Imported via '@/container/all-subject/business/feature_section/feature_section' from file 'C:/Users/Kashif/Desktop/hammad/AllExamHelp/app/subjects/business-class/page.tsx'
    Matched by include pattern '**/*.tsx' in 'C:/Users/Kashif/Desktop/hammad/AllExamHelp/tsconfig.json'
app/subjects/business-class/page.tsx(6,31): error TS1261: Already included file name 'C:/Users/Kashif/Desktop/hammad/AllExamHelp/container/all-subject/business/Content_section_one/Content_section_one.tsx' differs from file name 'C:/Users/Kashif/Desktop/hammad/AllExamHelp/container/all-subject/Business/Content_section_one/Content_section_one.tsx' only in casing.
  The file is in the program because:
    Imported via '@/container/all-subject/business/Content_section_one/Content_section_one' from file 'C:/Users/Kashif/Desktop/hammad/AllExamHelp/app/subjects/business-class/page.tsx'
    Matched by include pattern '**/*.tsx' in 'C:/Users/Kashif/Desktop/hammad/AllExamHelp/tsconfig.json'
app/subjects/business-class/page.tsx(7,31): error TS1261: Already included file name 'C:/Users/Kashif/Desktop/hammad/AllExamHelp/container/all-subject/business/call_action/call_acition.tsx' differs from file name 'C:/Users/Kashif/Desktop/hammad/AllExamHelp/container/all-subject/Business/call_action/call_acition.tsx' only in casing.
  The file is in the program because:
    Imported via '@/container/all-subject/business/call_action/call_acition' from file 'C:/Users/Kashif/Desktop/hammad/AllExamHelp/app/subjects/business-class/page.tsx'
    Matched by include pattern '**/*.tsx' in 'C:/Users/Kashif/Desktop/hammad/AllExamHelp/tsconfig.json'
app/subjects/business-class/page.tsx(8,27): error TS1261: Already included file name 'C:/Users/Kashif/Desktop/hammad/AllExamHelp/container/all-subject/business/stats_section/stats_section.tsx' differs from file name 'C:/Users/Kashif/Desktop/hammad/AllExamHelp/container/all-subject/Business/stats_section/stats_section.tsx' only in casing.
  The file is in the program because:
    Imported via '@/container/all-subject/business/stats_section/stats_section' from file 'C:/Users/Kashif/Desktop/hammad/AllExamHelp/app/subjects/business-class/page.tsx'
    Matched by include pattern '**/*.tsx' in 'C:/Users/Kashif/Desktop/hammad/AllExamHelp/tsconfig.json'
app/subjects/business-class/page.tsx(9,33): error TS1261: Already included file name 'C:/Users/Kashif/Desktop/hammad/AllExamHelp/container/all-subject/business/content_section_two/content_section_two.tsx' differs from file name 'C:/Users/Kashif/Desktop/hammad/AllExamHelp/container/all-subject/Business/content_section_two/content_section_two.tsx' only in casing.
  The file is in the program because:
    Imported via '@/container/all-subject/business/content_section_two/content_section_two' from file 'C:/Users/Kashif/Desktop/hammad/AllExamHelp/app/subjects/business-class/page.tsx'
    Matched by include pattern '**/*.tsx' in 'C:/Users/Kashif/Desktop/hammad/AllExamHelp/tsconfig.json'
app/subjects/business-class/page.tsx(12,33): error TS1261: Already included file name 'C:/Users/Kashif/Desktop/hammad/AllExamHelp/container/all-subject/business/content_section_three/content_section_three.tsx' differs from file name 'C:/Users/Kashif/Desktop/hammad/AllExamHelp/container/all-subject/Business/content_section_three/content_section_three.tsx' only in casing.
  The file is in the program because:
    Imported via '@/container/all-subject/business/content_section_three/content_section_three' from file 'C:/Users/Kashif/Desktop/hammad/AllExamHelp/app/subjects/business-class/page.tsx'
    Matched by include pattern '**/*.tsx' in 'C:/Users/Kashif/Desktop/hammad/AllExamHelp/tsconfig.json'
container/All-props-comp/hero-setion/hero_section.tsx(112,11): error TS2322: Type '{ enter: (direction: number) => { x: string; opacity: number; }; center: { zIndex: number; x: number; opacity: number; transition: { x: { type: string; stiffness: number; damping: number; }; opacity: { duration: number; }; staggerChildren: number; delayChildren: number; }; }; exit: (direction: number) => { ...; }; }' is not assignable to type 'Variants'.
  Property 'exit' is incompatible with index signature.
    Type '(direction: number) => { zIndex: number; x: string; opacity: number; transition: { x: { type: string; stiffness: number; damping: number; }; opacity: { duration: number; }; }; }' is not assignable to type 'Variant'.
      Type '(direction: number) => { zIndex: number; x: string; opacity: number; transition: { x: { type: string; stiffness: number; damping: number; }; opacity: { duration: number; }; }; }' is not assignable to type 'TargetResolver'.
        Type '{ zIndex: number; x: string; opacity: number; transition: { x: { type: string; stiffness: number; damping: number; }; opacity: { duration: number; }; }; }' is not assignable to type 'string | TargetAndTransition'.
          Type '{ zIndex: number; x: string; opacity: number; transition: { x: { type: string; stiffness: number; damping: number; }; opacity: { duration: number; }; }; }' is not assignable to type 'TargetAndTransition'.
            Types of property 'transition' are incompatible.
              Type '{ x: { type: string; stiffness: number; damping: number; }; opacity: { duration: number; }; }' is not assignable to type 'Transition<any> | undefined'.
                Type '{ x: { type: string; stiffness: number; damping: number; }; opacity: { duration: number; }; }' is not assignable to type 'TransitionWithValueOverrides<any>'.
                  Type '{ x: { type: string; stiffness: number; damping: number; }; opacity: { duration: number; }; }' is not assignable to type 'StyleTransitions'.
                    The types of 'x.type' are incompatible between these types.
                      Type 'string' is not assignable to type 'AnimationGeneratorType | undefined'.
container/All-props-comp/hero-setion/hero_section.tsx(134,13): error TS2322: Type '{ enter: (direction: number) => { x: string; opacity: number; }; center: { zIndex: number; x: number; opacity: number; transition: { x: { type: string; stiffness: number; damping: number; }; opacity: { duration: number; }; staggerChildren: number; delayChildren: number; }; }; exit: (direction: number) => { ...; }; }' is not assignable to type 'Variants'.
  Property 'exit' is incompatible with index signature.
    Type '(direction: number) => { zIndex: number; x: string; opacity: number; transition: { x: { type: string; stiffness: number; damping: number; }; opacity: { duration: number; }; }; }' is not assignable to type 'Variant'.
      Type '(direction: number) => { zIndex: number; x: string; opacity: number; transition: { x: { type: string; stiffness: number; damping: number; }; opacity: { duration: number; }; }; }' is not assignable to type 'TargetResolver'.
        Type '{ zIndex: number; x: string; opacity: number; transition: { x: { type: string; stiffness: number; damping: number; }; opacity: { duration: number; }; }; }' is not assignable to type 'string | TargetAndTransition'.
          Type '{ zIndex: number; x: string; opacity: number; transition: { x: { type: string; stiffness: number; damping: number; }; opacity: { duration: number; }; }; }' is not assignable to type 'TargetAndTransition'.
            Types of property 'transition' are incompatible.
              Type '{ x: { type: string; stiffness: number; damping: number; }; opacity: { duration: number; }; }' is not assignable to type 'Transition<any> | undefined'.
                Type '{ x: { type: string; stiffness: number; damping: number; }; opacity: { duration: number; }; }' is not assignable to type 'TransitionWithValueOverrides<any>'.
                  Type '{ x: { type: string; stiffness: number; damping: number; }; opacity: { duration: number; }; }' is not assignable to type 'StyleTransitions'.
                    The types of 'x.type' are incompatible between these types.
                      Type 'string' is not assignable to type 'AnimationGeneratorType | undefined'.
container/All-props-comp/hero-setion/hero_section.tsx(143,30): error TS2322: Type '{ enter: { opacity: number; y: number; }; center: { opacity: number; y: number; transition: { duration: number; ease: string; }; }; exit: { opacity: number; y: number; transition: { duration: number; }; }; }' is not assignable to type 'Variants'.
  Property 'center' is incompatible with index signature.
    Type '{ opacity: number; y: number; transition: { duration: number; ease: string; }; }' is not assignable to type 'Variant'.
      Type '{ opacity: number; y: number; transition: { duration: number; ease: string; }; }' is not assignable to type 'TargetAndTransition'.
        Type '{ opacity: number; y: number; transition: { duration: number; ease: string; }; }' is not assignable to type '{ transition?: Transition<any> | undefined; transitionEnd?: ResolvedValues$1 | undefined; }'.
          Types of property 'transition' are incompatible.
            Type '{ duration: number; ease: string; }' is not assignable to type 'Transition<any> | undefined'.
              Type '{ duration: number; ease: string; }' is not assignable to type 'TransitionWithValueOverrides<any>'.
                Type '{ duration: number; ease: string; }' is not assignable to type 'ValueAnimationTransition<any>'.
                  Types of property 'ease' are incompatible.
                    Type 'string' is not assignable to type 'Easing | Easing[] | undefined'.
container/All-props-comp/hero-setion/hero_section.tsx(153,26): error TS2322: Type '{ enter: { opacity: number; y: number; }; center: { opacity: number; y: number; transition: { duration: number; ease: string; }; }; exit: { opacity: number; y: number; transition: { duration: number; }; }; }' is not assignable to type 'Variants'.
  Property 'center' is incompatible with index signature.
    Type '{ opacity: number; y: number; transition: { duration: number; ease: string; }; }' is not assignable to type 'Variant'.
      Type '{ opacity: number; y: number; transition: { duration: number; ease: string; }; }' is not assignable to type 'TargetAndTransition'.
        Type '{ opacity: number; y: number; transition: { duration: number; ease: string; }; }' is not assignable to type '{ transition?: Transition<any> | undefined; transitionEnd?: ResolvedValues$1 | undefined; }'.
          Types of property 'transition' are incompatible.
            Type '{ duration: number; ease: string; }' is not assignable to type 'Transition<any> | undefined'.
              Type '{ duration: number; ease: string; }' is not assignable to type 'TransitionWithValueOverrides<any>'.
                Type '{ duration: number; ease: string; }' is not assignable to type 'ValueAnimationTransition<any>'.
                  Types of property 'ease' are incompatible.
                    Type 'string' is not assignable to type 'Easing | Easing[] | undefined'.
container/All-props-comp/hero-setion/hero_section.tsx(157,27): error TS2322: Type '{ enter: { opacity: number; y: number; }; center: { opacity: number; y: number; transition: { duration: number; ease: string; }; }; exit: { opacity: number; y: number; transition: { duration: number; }; }; }' is not assignable to type 'Variants'.
  Property 'center' is incompatible with index signature.
    Type '{ opacity: number; y: number; transition: { duration: number; ease: string; }; }' is not assignable to type 'Variant'.
      Type '{ opacity: number; y: number; transition: { duration: number; ease: string; }; }' is not assignable to type 'TargetAndTransition'.
        Type '{ opacity: number; y: number; transition: { duration: number; ease: string; }; }' is not assignable to type '{ transition?: Transition<any> | undefined; transitionEnd?: ResolvedValues$1 | undefined; }'.
          Types of property 'transition' are incompatible.
            Type '{ duration: number; ease: string; }' is not assignable to type 'Transition<any> | undefined'.
              Type '{ duration: number; ease: string; }' is not assignable to type 'TransitionWithValueOverrides<any>'.
                Type '{ duration: number; ease: string; }' is not assignable to type 'ValueAnimationTransition<any>'.
                  Types of property 'ease' are incompatible.
                    Type 'string' is not assignable to type 'Easing | Easing[] | undefined'.
container/All-props-comp/hero-setion/hero_section.tsx(161,29): error TS2322: Type '{ enter: { opacity: number; y: number; }; center: { opacity: number; y: number; transition: { duration: number; ease: string; }; }; exit: { opacity: number; y: number; transition: { duration: number; }; }; }' is not assignable to type 'Variants'.
  Property 'center' is incompatible with index signature.
    Type '{ opacity: number; y: number; transition: { duration: number; ease: string; }; }' is not assignable to type 'Variant'.
      Type '{ opacity: number; y: number; transition: { duration: number; ease: string; }; }' is not assignable to type 'TargetAndTransition'.
        Type '{ opacity: number; y: number; transition: { duration: number; ease: string; }; }' is not assignable to type '{ transition?: Transition<any> | undefined; transitionEnd?: ResolvedValues$1 | undefined; }'.
          Types of property 'transition' are incompatible.
            Type '{ duration: number; ease: string; }' is not assignable to type 'Transition<any> | undefined'.
              Type '{ duration: number; ease: string; }' is not assignable to type 'TransitionWithValueOverrides<any>'.
                Type '{ duration: number; ease: string; }' is not assignable to type 'ValueAnimationTransition<any>'.
                  Types of property 'ease' are incompatible.
                    Type 'string' is not assignable to type 'Easing | Easing[] | undefined'.
container/All-props-comp/hero-setion/hero_section.tsx(163,22): error TS18048: 'current.bullets' is possibly 'undefined'.
container/All-props-comp/hero-setion/hero_section.tsx(172,27): error TS2322: Type '{ enter: { opacity: number; y: number; }; center: { opacity: number; y: number; transition: { duration: number; ease: string; }; }; exit: { opacity: number; y: number; transition: { duration: number; }; }; }' is not assignable to type 'Variants'.
  Property 'center' is incompatible with index signature.
    Type '{ opacity: number; y: number; transition: { duration: number; ease: string; }; }' is not assignable to type 'Variant'.
      Type '{ opacity: number; y: number; transition: { duration: number; ease: string; }; }' is not assignable to type 'TargetAndTransition'.
        Type '{ opacity: number; y: number; transition: { duration: number; ease: string; }; }' is not assignable to type '{ transition?: Transition<any> | undefined; transitionEnd?: ResolvedValues$1 | undefined; }'.
          Types of property 'transition' are incompatible.
            Type '{ duration: number; ease: string; }' is not assignable to type 'Transition<any> | undefined'.
              Type '{ duration: number; ease: string; }' is not assignable to type 'TransitionWithValueOverrides<any>'.
                Type '{ duration: number; ease: string; }' is not assignable to type 'ValueAnimationTransition<any>'.
                  Types of property 'ease' are incompatible.
                    Type 'string' is not assignable to type 'Easing | Easing[] | undefined'.
container/All-props-comp/hero-setion/hero_section.tsx(183,25): error TS2322: Type '{ enter: { opacity: number; y: number; }; center: { opacity: number; y: number; transition: { duration: number; ease: string; }; }; exit: { opacity: number; y: number; transition: { duration: number; }; }; }' is not assignable to type 'Variants'.
  Property 'center' is incompatible with index signature.
    Type '{ opacity: number; y: number; transition: { duration: number; ease: string; }; }' is not assignable to type 'Variant'.
      Type '{ opacity: number; y: number; transition: { duration: number; ease: string; }; }' is not assignable to type 'TargetAndTransition'.
        Type '{ opacity: number; y: number; transition: { duration: number; ease: string; }; }' is not assignable to type '{ transition?: Transition<any> | undefined; transitionEnd?: ResolvedValues$1 | undefined; }'.
          Types of property 'transition' are incompatible.
            Type '{ duration: number; ease: string; }' is not assignable to type 'Transition<any> | undefined'.
              Type '{ duration: number; ease: string; }' is not assignable to type 'TransitionWithValueOverrides<any>'.
                Type '{ duration: number; ease: string; }' is not assignable to type 'ValueAnimationTransition<any>'.
                  Types of property 'ease' are incompatible.
                    Type 'string' is not assignable to type 'Easing | Easing[] | undefined'.
